
> lifestyle-spaces@0.0.0 test
> vitest run --coverage


[1m[46m RUN [49m[22m [36mv3.2.4 [39m[90mC:/github/lifestyle-spaces/frontend[39m
      [2mCoverage enabled with [22m[33mv8[39m

 [32m✓[39m src/config/config.undefined.test.ts [2m([22m[2m1 test[22m[2m)[22m[32m 108[2mms[22m[39m
 [32m✓[39m src/config/config.test.ts [2m([22m[2m15 tests[22m[2m)[22m[32m 11[2mms[22m[39m
 [32m✓[39m src/services/api.test.ts [2m([22m[2m14 tests[22m[2m)[22m[32m 21[2mms[22m[39m
 [32m✓[39m src/lib/journal/__tests__/JournalContentManager.test.ts [2m([22m[2m21 tests[22m[2m)[22m[32m 20[2mms[22m[39m
 [32m✓[39m src/config/amplify.test.ts [2m([22m[2m16 tests[22m[2m)[22m[32m 11[2mms[22m[39m
 [32m✓[39m src/config/config.validation.test.ts [2m([22m[2m2 tests[22m[2m)[22m[32m 35[2mms[22m[39m
 [32m✓[39m src/services/spaces.test.ts [2m([22m[2m38 tests[22m[2m)[22m[32m 25[2mms[22m[39m
[90mstdout[2m | src/pages/JoinSpace.test.tsx[2m > [22m[2mJoinSpace[2m > [22m[2mComponent Rendering[2m > [22m[2mrenders the join space form with invite code
[22m[39m[JoinSpace] Debug: {
  inviteCodeFromUrl: [32m'valid-invite-code'[39m,
  stateInviteCode: [32m'valid-invite-code'[39m,
  isValidInviteCode: [33mtrue[39m,
  hasError: [33mfalse[39m,
  error: [1mnull[22m,
  buttonDisabled: [33mfalse[39m
}
[JoinSpace] Debug: {
  inviteCodeFromUrl: [32m'valid-invite-code'[39m,
  stateInviteCode: [32m'valid-invite-code'[39m,
  isValidInviteCode: [33mtrue[39m,
  hasError: [33mfalse[39m,
  error: [1mnull[22m,
  buttonDisabled: [33mfalse[39m
}

[90mstdout[2m | src/pages/JoinSpace.test.tsx[2m > [22m[2mJoinSpace[2m > [22m[2mComponent Rendering[2m > [22m[2mdisplays information about joining the space
[22m[39m[JoinSpace] Debug: {
  inviteCodeFromUrl: [32m'valid-invite-code'[39m,
  stateInviteCode: [32m'valid-invite-code'[39m,
  isValidInviteCode: [33mtrue[39m,
  hasError: [33mfalse[39m,
  error: [1mnull[22m,
  buttonDisabled: [33mfalse[39m
}
[JoinSpace] Debug: {
  inviteCodeFromUrl: [32m'valid-invite-code'[39m,
  stateInviteCode: [32m'valid-invite-code'[39m,
  isValidInviteCode: [33mtrue[39m,
  hasError: [33mfalse[39m,
  error: [1mnull[22m,
  buttonDisabled: [33mfalse[39m
}

[90mstdout[2m | src/pages/JoinSpace.test.tsx[2m > [22m[2mJoinSpace[2m > [22m[2mComponent Rendering[2m > [22m[2mshows error message when no invite code is provided
[22m[39m[JoinSpace] Debug: {
  inviteCodeFromUrl: [32m''[39m,
  stateInviteCode: [32m''[39m,
  isValidInviteCode: [33mfalse[39m,
  hasError: [33mfalse[39m,
  error: [1mnull[22m,
  buttonDisabled: [33mtrue[39m
}
[JoinSpace] Debug: {
  inviteCodeFromUrl: [32m''[39m,
  stateInviteCode: [32m''[39m,
  isValidInviteCode: [33mfalse[39m,
  hasError: [33mtrue[39m,
  error: [32m'Invalid invite code provided'[39m,
  buttonDisabled: [33mtrue[39m
}

[90mstdout[2m | src/stores/spaceStore.test.tsx[2m > [22m[2mSpaceStore[2m > [22m[2mSelect Space[2m > [22m[2mshould successfully select a space and load its members
[22m[39m[spaceStore] Received space from API: {
  spaceId: [32m'space-123'[39m,
  name: [32m'Test Space'[39m,
  description: [32m'A test space'[39m,
  ownerId: [32m'user-123'[39m,
  createdAt: [32m'2023-12-01T00:00:00Z'[39m,
  updatedAt: [32m'2023-12-01T00:00:00Z'[39m,
  memberCount: [33m5[39m,
  isPublic: [33mfalse[39m
}
[spaceStore] Space has inviteCode? [33mfalse[39m [90mundefined[39m
[spaceStore] After dispatch, checking state will update...

[90mstdout[2m | src/pages/JoinSpace.test.tsx[2m > [22m[2mJoinSpace[2m > [22m[2mComponent Rendering[2m > [22m[2mshows invalid invite code message for empty invite code
[22m[39m[JoinSpace] Debug: {
  inviteCodeFromUrl: [32m'   '[39m,
  stateInviteCode: [32m'   '[39m,
  isValidInviteCode: [33mfalse[39m,
  hasError: [33mfalse[39m,
  error: [1mnull[22m,
  buttonDisabled: [33mtrue[39m
}
[JoinSpace] Debug: {
  inviteCodeFromUrl: [32m'   '[39m,
  stateInviteCode: [32m'   '[39m,
  isValidInviteCode: [33mfalse[39m,
  hasError: [33mtrue[39m,
  error: [32m'Invalid invite code provided'[39m,
  buttonDisabled: [33mtrue[39m
}

[90mstdout[2m | src/stores/spaceStore.test.tsx[2m > [22m[2mSpaceStore[2m > [22m[2mReducer Edge Cases[2m > [22m[2mshould handle UPDATE_SPACE action when space is currently selected
[22m[39m[spaceStore] Received space from API: {
  spaceId: [32m'space-123'[39m,
  name: [32m'Original Space'[39m,
  description: [32m'Original description'[39m,
  ownerId: [32m'user-123'[39m,
  createdAt: [32m'2023-12-01T00:00:00Z'[39m,
  updatedAt: [32m'2023-12-01T00:00:00Z'[39m,
  memberCount: [33m5[39m,
  isPublic: [33mfalse[39m
}
[spaceStore] Space has inviteCode? [33mfalse[39m [90mundefined[39m
[spaceStore] After dispatch, checking state will update...

[90mstdout[2m | src/stores/spaceStore.test.tsx[2m > [22m[2mSpaceStore[2m > [22m[2mAdd Member[2m > [22m[2mshould add a member to the current space members list
[22m[39m[spaceStore] Received space from API: {
  spaceId: [32m'space-123'[39m,
  name: [32m'Test Space'[39m,
  description: [32m'A test space for testing'[39m,
  ownerId: [32m'user-1'[39m,
  createdAt: [32m'2023-01-01T00:00:00Z'[39m,
  updatedAt: [32m'2023-01-01T00:00:00Z'[39m,
  memberCount: [33m1[39m,
  isPublic: [33mfalse[39m
}
[spaceStore] Space has inviteCode? [33mfalse[39m [90mundefined[39m
[spaceStore] After dispatch, checking state will update...

[90mstdout[2m | src/pages/JoinSpace.test.tsx[2m > [22m[2mJoinSpace[2m > [22m[2mJoin Space Functionality[2m > [22m[2msuccessfully joins space and navigates to space detail
[22m[39m[JoinSpace] Debug: {
  inviteCodeFromUrl: [32m'valid-invite-code'[39m,
  stateInviteCode: [32m'valid-invite-code'[39m,
  isValidInviteCode: [33mtrue[39m,
  hasError: [33mfalse[39m,
  error: [1mnull[22m,
  buttonDisabled: [33mfalse[39m
}
[JoinSpace] Debug: {
  inviteCodeFromUrl: [32m'valid-invite-code'[39m,
  stateInviteCode: [32m'valid-invite-code'[39m,
  isValidInviteCode: [33mtrue[39m,
  hasError: [33mfalse[39m,
  error: [1mnull[22m,
  buttonDisabled: [33mfalse[39m
}

[90mstdout[2m | src/stores/spaceStore.test.tsx[2m > [22m[2mSpaceStore[2m > [22m[2mAdd Member[2m > [22m[2mshould add a member to the current space members list
[22m[39m[spaceStore] Received space from API: {
  spaceId: [32m'space-123'[39m,
  name: [32m'Test Space'[39m,
  description: [32m'A test space for testing'[39m,
  ownerId: [32m'user-1'[39m,
  createdAt: [32m'2023-01-01T00:00:00Z'[39m,
  updatedAt: [32m'2023-01-01T00:00:00Z'[39m,
  memberCount: [33m1[39m,
  isPublic: [33mfalse[39m
}
[spaceStore] Space has inviteCode? [33mfalse[39m [90mundefined[39m
[spaceStore] After dispatch, checking state will update...

 [32m✓[39m src/services/auth.test.ts [2m([22m[2m21 tests[22m[2m)[22m[32m 25[2mms[22m[39m
[90mstdout[2m | src/pages/JoinSpace.test.tsx[2m > [22m[2mJoinSpace[2m > [22m[2mJoin Space Functionality[2m > [22m[2msuccessfully joins space and navigates to space detail
[22m[39m[JoinSpace] Debug: {
  inviteCodeFromUrl: [32m'valid-invite-code'[39m,
  stateInviteCode: [32m'valid-invite-code'[39m,
  isValidInviteCode: [33mtrue[39m,
  hasError: [33mfalse[39m,
  error: [1mnull[22m,
  buttonDisabled: [33mtrue[39m
}

[90mstdout[2m | src/pages/JoinSpace.test.tsx[2m > [22m[2mJoinSpace[2m > [22m[2mJoin Space Functionality[2m > [22m[2mshows loading state while joining space
[22m[39m[JoinSpace] Debug: {
  inviteCodeFromUrl: [32m'valid-invite-code'[39m,
  stateInviteCode: [32m'valid-invite-code'[39m,
  isValidInviteCode: [33mtrue[39m,
  hasError: [33mfalse[39m,
  error: [1mnull[22m,
  buttonDisabled: [33mfalse[39m
}
[JoinSpace] Debug: {
  inviteCodeFromUrl: [32m'valid-invite-code'[39m,
  stateInviteCode: [32m'valid-invite-code'[39m,
  isValidInviteCode: [33mtrue[39m,
  hasError: [33mfalse[39m,
  error: [1mnull[22m,
  buttonDisabled: [33mfalse[39m
}

 [32m✓[39m src/stores/spaceStore.test.tsx [2m([22m[2m15 tests[22m[2m)[22m[32m 78[2mms[22m[39m
[90mstdout[2m | src/pages/JoinSpace.test.tsx[2m > [22m[2mJoinSpace[2m > [22m[2mJoin Space Functionality[2m > [22m[2mshows loading state while joining space
[22m[39m[JoinSpace] Debug: {
  inviteCodeFromUrl: [32m'valid-invite-code'[39m,
  stateInviteCode: [32m'valid-invite-code'[39m,
  isValidInviteCode: [33mtrue[39m,
  hasError: [33mfalse[39m,
  error: [1mnull[22m,
  buttonDisabled: [33mtrue[39m
}

 [32m✓[39m src/components/auth/AuthLayout.test.tsx [2m([22m[2m4 tests[22m[2m)[22m[32m 123[2mms[22m[39m
 [32m✓[39m src/components/Button.test.tsx [2m([22m[2m17 tests[22m[2m)[22m[32m 262[2mms[22m[39m
 [32m✓[39m src/components/spaces/SpaceCard.test.tsx [2m([22m[2m23 tests[22m[2m)[22m[32m 288[2mms[22m[39m
[90mstdout[2m | src/pages/JoinSpace.test.tsx[2m > [22m[2mJoinSpace[2m > [22m[2mJoin Space Functionality[2m > [22m[2mhandles join button click when invite code is empty
[22m[39m[JoinSpace] Debug: {
  inviteCodeFromUrl: [32m''[39m,
  stateInviteCode: [32m''[39m,
  isValidInviteCode: [33mfalse[39m,
  hasError: [33mfalse[39m,
  error: [1mnull[22m,
  buttonDisabled: [33mtrue[39m
}
[JoinSpace] Debug: {
  inviteCodeFromUrl: [32m''[39m,
  stateInviteCode: [32m''[39m,
  isValidInviteCode: [33mfalse[39m,
  hasError: [33mtrue[39m,
  error: [32m'Invalid invite code provided'[39m,
  buttonDisabled: [33mtrue[39m
}

 [32m✓[39m src/components/spaces/MembersList.test.tsx [2m([22m[2m33 tests[22m[2m)[22m[33m 423[2mms[22m[39m
[90mstdout[2m | src/pages/JoinSpace.test.tsx[2m > [22m[2mJoinSpace[2m > [22m[2mError Handling[2m > [22m[2mdisplays error for expired invite code
[22m[39m[JoinSpace] Debug: {
  inviteCodeFromUrl: [32m'valid-invite-code'[39m,
  stateInviteCode: [32m'valid-invite-code'[39m,
  isValidInviteCode: [33mtrue[39m,
  hasError: [33mfalse[39m,
  error: [1mnull[22m,
  buttonDisabled: [33mfalse[39m
}
[JoinSpace] Debug: {
  inviteCodeFromUrl: [32m'valid-invite-code'[39m,
  stateInviteCode: [32m'valid-invite-code'[39m,
  isValidInviteCode: [33mtrue[39m,
  hasError: [33mfalse[39m,
  error: [1mnull[22m,
  buttonDisabled: [33mfalse[39m
}

[90mstdout[2m | src/pages/JoinSpace.test.tsx[2m > [22m[2mJoinSpace[2m > [22m[2mError Handling[2m > [22m[2mdisplays error for expired invite code
[22m[39m[JoinSpace] Debug: {
  inviteCodeFromUrl: [32m'valid-invite-code'[39m,
  stateInviteCode: [32m'valid-invite-code'[39m,
  isValidInviteCode: [33mtrue[39m,
  hasError: [33mfalse[39m,
  error: [1mnull[22m,
  buttonDisabled: [33mtrue[39m
}

[90mstdout[2m | src/pages/JoinSpace.test.tsx[2m > [22m[2mJoinSpace[2m > [22m[2mError Handling[2m > [22m[2mdisplays error for expired invite code
[22m[39m[JoinSpace] Debug: {
  inviteCodeFromUrl: [32m'valid-invite-code'[39m,
  stateInviteCode: [32m'valid-invite-code'[39m,
  isValidInviteCode: [33mtrue[39m,
  hasError: [33mtrue[39m,
  error: [32m'This invite code is invalid or has expired'[39m,
  buttonDisabled: [33mfalse[39m
}

 [32m✓[39m src/pages/SignUp.test.tsx [2m([22m[2m8 tests[22m[2m)[22m[33m 421[2mms[22m[39m
[90mstdout[2m | src/pages/JoinSpace.test.tsx[2m > [22m[2mJoinSpace[2m > [22m[2mError Handling[2m > [22m[2mdisplays error for invalid invite code
[22m[39m[JoinSpace] Debug: {
  inviteCodeFromUrl: [32m'valid-invite-code'[39m,
  stateInviteCode: [32m'valid-invite-code'[39m,
  isValidInviteCode: [33mtrue[39m,
  hasError: [33mfalse[39m,
  error: [1mnull[22m,
  buttonDisabled: [33mfalse[39m
}
[JoinSpace] Debug: {
  inviteCodeFromUrl: [32m'valid-invite-code'[39m,
  stateInviteCode: [32m'valid-invite-code'[39m,
  isValidInviteCode: [33mtrue[39m,
  hasError: [33mfalse[39m,
  error: [1mnull[22m,
  buttonDisabled: [33mfalse[39m
}

[90mstdout[2m | src/pages/JoinSpace.test.tsx[2m > [22m[2mJoinSpace[2m > [22m[2mError Handling[2m > [22m[2mdisplays error for invalid invite code
[22m[39m[JoinSpace] Debug: {
  inviteCodeFromUrl: [32m'valid-invite-code'[39m,
  stateInviteCode: [32m'valid-invite-code'[39m,
  isValidInviteCode: [33mtrue[39m,
  hasError: [33mfalse[39m,
  error: [1mnull[22m,
  buttonDisabled: [33mtrue[39m
}

[90mstdout[2m | src/pages/JoinSpace.test.tsx[2m > [22m[2mJoinSpace[2m > [22m[2mError Handling[2m > [22m[2mdisplays error for invalid invite code
[22m[39m[JoinSpace] Debug: {
  inviteCodeFromUrl: [32m'valid-invite-code'[39m,
  stateInviteCode: [32m'valid-invite-code'[39m,
  isValidInviteCode: [33mtrue[39m,
  hasError: [33mtrue[39m,
  error: [32m'Invalid invite code'[39m,
  buttonDisabled: [33mfalse[39m
}

 [32m✓[39m src/pages/SignIn.test.tsx [2m([22m[2m11 tests[22m[2m)[22m[33m 472[2mms[22m[39m
[90mstdout[2m | src/pages/JoinSpace.test.tsx[2m > [22m[2mJoinSpace[2m > [22m[2mError Handling[2m > [22m[2mdisplays error for already being a member
[22m[39m[JoinSpace] Debug: {
  inviteCodeFromUrl: [32m'valid-invite-code'[39m,
  stateInviteCode: [32m'valid-invite-code'[39m,
  isValidInviteCode: [33mtrue[39m,
  hasError: [33mfalse[39m,
  error: [1mnull[22m,
  buttonDisabled: [33mfalse[39m
}
[JoinSpace] Debug: {
  inviteCodeFromUrl: [32m'valid-invite-code'[39m,
  stateInviteCode: [32m'valid-invite-code'[39m,
  isValidInviteCode: [33mtrue[39m,
  hasError: [33mfalse[39m,
  error: [1mnull[22m,
  buttonDisabled: [33mfalse[39m
}

[90mstdout[2m | src/pages/JoinSpace.test.tsx[2m > [22m[2mJoinSpace[2m > [22m[2mError Handling[2m > [22m[2mdisplays error for already being a member
[22m[39m[JoinSpace] Debug: {
  inviteCodeFromUrl: [32m'valid-invite-code'[39m,
  stateInviteCode: [32m'valid-invite-code'[39m,
  isValidInviteCode: [33mtrue[39m,
  hasError: [33mfalse[39m,
  error: [1mnull[22m,
  buttonDisabled: [33mtrue[39m
}

[90mstdout[2m | src/pages/JoinSpace.test.tsx[2m > [22m[2mJoinSpace[2m > [22m[2mError Handling[2m > [22m[2mdisplays error for already being a member
[22m[39m[JoinSpace] Debug: {
  inviteCodeFromUrl: [32m'valid-invite-code'[39m,
  stateInviteCode: [32m'valid-invite-code'[39m,
  isValidInviteCode: [33mtrue[39m,
  hasError: [33mtrue[39m,
  error: [32m'You are already a member of this space'[39m,
  buttonDisabled: [33mfalse[39m
}

 [32m✓[39m src/components/invitations/InvitationCard.test.tsx [2m([22m[2m19 tests[22m[2m)[22m[33m 440[2mms[22m[39m
[90mstdout[2m | src/pages/JoinSpace.test.tsx[2m > [22m[2mJoinSpace[2m > [22m[2mError Handling[2m > [22m[2mdisplays error for space not found
[22m[39m[JoinSpace] Debug: {
  inviteCodeFromUrl: [32m'valid-invite-code'[39m,
  stateInviteCode: [32m'valid-invite-code'[39m,
  isValidInviteCode: [33mtrue[39m,
  hasError: [33mfalse[39m,
  error: [1mnull[22m,
  buttonDisabled: [33mfalse[39m
}
[JoinSpace] Debug: {
  inviteCodeFromUrl: [32m'valid-invite-code'[39m,
  stateInviteCode: [32m'valid-invite-code'[39m,
  isValidInviteCode: [33mtrue[39m,
  hasError: [33mfalse[39m,
  error: [1mnull[22m,
  buttonDisabled: [33mfalse[39m
}

[90mstdout[2m | src/pages/JoinSpace.test.tsx[2m > [22m[2mJoinSpace[2m > [22m[2mError Handling[2m > [22m[2mdisplays error for space not found
[22m[39m[JoinSpace] Debug: {
  inviteCodeFromUrl: [32m'valid-invite-code'[39m,
  stateInviteCode: [32m'valid-invite-code'[39m,
  isValidInviteCode: [33mtrue[39m,
  hasError: [33mfalse[39m,
  error: [1mnull[22m,
  buttonDisabled: [33mtrue[39m
}

[90mstdout[2m | src/pages/JoinSpace.test.tsx[2m > [22m[2mJoinSpace[2m > [22m[2mError Handling[2m > [22m[2mdisplays error for space not found
[22m[39m[JoinSpace] Debug: {
  inviteCodeFromUrl: [32m'valid-invite-code'[39m,
  stateInviteCode: [32m'valid-invite-code'[39m,
  isValidInviteCode: [33mtrue[39m,
  hasError: [33mtrue[39m,
  error: [32m'Space not found with this invite code'[39m,
  buttonDisabled: [33mfalse[39m
}

[90mstdout[2m | src/pages/JoinSpace.test.tsx[2m > [22m[2mJoinSpace[2m > [22m[2mError Handling[2m > [22m[2mdisplays generic error message for unknown errors
[22m[39m[JoinSpace] Debug: {
  inviteCodeFromUrl: [32m'valid-invite-code'[39m,
  stateInviteCode: [32m'valid-invite-code'[39m,
  isValidInviteCode: [33mtrue[39m,
  hasError: [33mfalse[39m,
  error: [1mnull[22m,
  buttonDisabled: [33mfalse[39m
}
[JoinSpace] Debug: {
  inviteCodeFromUrl: [32m'valid-invite-code'[39m,
  stateInviteCode: [32m'valid-invite-code'[39m,
  isValidInviteCode: [33mtrue[39m,
  hasError: [33mfalse[39m,
  error: [1mnull[22m,
  buttonDisabled: [33mfalse[39m
}

[90mstdout[2m | src/pages/JoinSpace.test.tsx[2m > [22m[2mJoinSpace[2m > [22m[2mError Handling[2m > [22m[2mdisplays generic error message for unknown errors
[22m[39m[JoinSpace] Debug: {
  inviteCodeFromUrl: [32m'valid-invite-code'[39m,
  stateInviteCode: [32m'valid-invite-code'[39m,
  isValidInviteCode: [33mtrue[39m,
  hasError: [33mfalse[39m,
  error: [1mnull[22m,
  buttonDisabled: [33mtrue[39m
}

[90mstdout[2m | src/pages/JoinSpace.test.tsx[2m > [22m[2mJoinSpace[2m > [22m[2mError Handling[2m > [22m[2mdisplays generic error message for unknown errors
[22m[39m[JoinSpace] Debug: {
  inviteCodeFromUrl: [32m'valid-invite-code'[39m,
  stateInviteCode: [32m'valid-invite-code'[39m,
  isValidInviteCode: [33mtrue[39m,
  hasError: [33mtrue[39m,
  error: [32m'Some unknown error'[39m,
  buttonDisabled: [33mfalse[39m
}

[90mstdout[2m | src/pages/JoinSpace.test.tsx[2m > [22m[2mJoinSpace[2m > [22m[2mError Handling[2m > [22m[2mdisplays generic error message for non-Error objects
[22m[39m[JoinSpace] Debug: {
  inviteCodeFromUrl: [32m'valid-invite-code'[39m,
  stateInviteCode: [32m'valid-invite-code'[39m,
  isValidInviteCode: [33mtrue[39m,
  hasError: [33mfalse[39m,
  error: [1mnull[22m,
  buttonDisabled: [33mfalse[39m
}
[JoinSpace] Debug: {
  inviteCodeFromUrl: [32m'valid-invite-code'[39m,
  stateInviteCode: [32m'valid-invite-code'[39m,
  isValidInviteCode: [33mtrue[39m,
  hasError: [33mfalse[39m,
  error: [1mnull[22m,
  buttonDisabled: [33mfalse[39m
}

[90mstdout[2m | src/pages/SpaceDetail.test.tsx[2m > [22m[2mSpaceDetail[2m > [22m[2mloads space data on mount
[22m[39m[SpaceDetail] Debug Info: {
  activeTab: [32m'content'[39m,
  isAdmin: [33mtrue[39m,
  isOwner: [33mtrue[39m,
  hasInviteCode: [33mfalse[39m,
  inviteCode: [90mundefined[39m,
  membersCount: [33m2[39m,
  currentUserId: [32m'user-1'[39m,
  spaceOwnerId: [32m'user-1'[39m,
  ownerIdMatch: [33mtrue[39m,
  hasCurrentSpace: [33mtrue[39m,
  hasUser: [33mtrue[39m,
  apiIsOwner: [33mtrue[39m
}

[90mstdout[2m | src/pages/JoinSpace.test.tsx[2m > [22m[2mJoinSpace[2m > [22m[2mError Handling[2m > [22m[2mdisplays generic error message for non-Error objects
[22m[39m[JoinSpace] Debug: {
  inviteCodeFromUrl: [32m'valid-invite-code'[39m,
  stateInviteCode: [32m'valid-invite-code'[39m,
  isValidInviteCode: [33mtrue[39m,
  hasError: [33mfalse[39m,
  error: [1mnull[22m,
  buttonDisabled: [33mtrue[39m
}

[90mstdout[2m | src/pages/JoinSpace.test.tsx[2m > [22m[2mJoinSpace[2m > [22m[2mError Handling[2m > [22m[2mdisplays generic error message for non-Error objects
[22m[39m[JoinSpace] Debug: {
  inviteCodeFromUrl: [32m'valid-invite-code'[39m,
  stateInviteCode: [32m'valid-invite-code'[39m,
  isValidInviteCode: [33mtrue[39m,
  hasError: [33mtrue[39m,
  error: [32m'Failed to join space'[39m,
  buttonDisabled: [33mfalse[39m
}

[90mstdout[2m | src/pages/JoinSpace.test.tsx[2m > [22m[2mJoinSpace[2m > [22m[2mNavigation[2m > [22m[2mnavigates to dashboard when cancel button is clicked
[22m[39m[JoinSpace] Debug: {
  inviteCodeFromUrl: [32m'valid-invite-code'[39m,
  stateInviteCode: [32m'valid-invite-code'[39m,
  isValidInviteCode: [33mtrue[39m,
  hasError: [33mfalse[39m,
  error: [1mnull[22m,
  buttonDisabled: [33mfalse[39m
}
[JoinSpace] Debug: {
  inviteCodeFromUrl: [32m'valid-invite-code'[39m,
  stateInviteCode: [32m'valid-invite-code'[39m,
  isValidInviteCode: [33mtrue[39m,
  hasError: [33mfalse[39m,
  error: [1mnull[22m,
  buttonDisabled: [33mfalse[39m
}

[90mstdout[2m | src/pages/SpaceDetail.test.tsx[2m > [22m[2mSpaceDetail[2m > [22m[2mrenders space information
[22m[39m[SpaceDetail] Debug Info: {
  activeTab: [32m'content'[39m,
  isAdmin: [33mtrue[39m,
  isOwner: [33mtrue[39m,
  hasInviteCode: [33mfalse[39m,
  inviteCode: [90mundefined[39m,
  membersCount: [33m2[39m,
  currentUserId: [32m'user-1'[39m,
  spaceOwnerId: [32m'user-1'[39m,
  ownerIdMatch: [33mtrue[39m,
  hasCurrentSpace: [33mtrue[39m,
  hasUser: [33mtrue[39m,
  apiIsOwner: [33mtrue[39m
}

[90mstdout[2m | src/pages/SpaceDetail.test.tsx[2m > [22m[2mSpaceDetail[2m > [22m[2mshows loading state
[22m[39m[SpaceDetail] Debug Info: {
  activeTab: [32m'content'[39m,
  isAdmin: [33mtrue[39m,
  isOwner: [33mtrue[39m,
  hasInviteCode: [33mfalse[39m,
  inviteCode: [90mundefined[39m,
  membersCount: [33m2[39m,
  currentUserId: [32m'user-1'[39m,
  spaceOwnerId: [32m'user-1'[39m,
  ownerIdMatch: [33mtrue[39m,
  hasCurrentSpace: [33mtrue[39m,
  hasUser: [33mtrue[39m,
  apiIsOwner: [33mtrue[39m
}

[90mstdout[2m | src/pages/SpaceDetail.test.tsx[2m > [22m[2mSpaceDetail[2m > [22m[2mshows error state
[22m[39m[SpaceDetail] Debug Info: {
  activeTab: [32m'content'[39m,
  isAdmin: [33mtrue[39m,
  isOwner: [33mfalse[39m,
  hasInviteCode: [33mfalse[39m,
  inviteCode: [90mundefined[39m,
  membersCount: [33m2[39m,
  currentUserId: [32m'user-1'[39m,
  spaceOwnerId: [90mundefined[39m,
  ownerIdMatch: [33mfalse[39m,
  hasCurrentSpace: [33mfalse[39m,
  hasUser: [33mtrue[39m,
  apiIsOwner: [90mundefined[39m
}

[90mstdout[2m | src/pages/SpaceDetail.test.tsx[2m > [22m[2mSpaceDetail[2m > [22m[2mshows space not found state
[22m[39m[SpaceDetail] Debug Info: {
  activeTab: [32m'content'[39m,
  isAdmin: [33mtrue[39m,
  isOwner: [33mfalse[39m,
  hasInviteCode: [33mfalse[39m,
  inviteCode: [90mundefined[39m,
  membersCount: [33m2[39m,
  currentUserId: [32m'user-1'[39m,
  spaceOwnerId: [90mundefined[39m,
  ownerIdMatch: [33mfalse[39m,
  hasCurrentSpace: [33mfalse[39m,
  hasUser: [33mtrue[39m,
  apiIsOwner: [90mundefined[39m
}

[90mstdout[2m | src/pages/SpaceDetail.test.tsx[2m > [22m[2mSpaceDetail[2m > [22m[2mshows dashboard navigation link
[22m[39m[SpaceDetail] Debug Info: {
  activeTab: [32m'content'[39m,
  isAdmin: [33mtrue[39m,
  isOwner: [33mtrue[39m,
  hasInviteCode: [33mfalse[39m,
  inviteCode: [90mundefined[39m,
  membersCount: [33m2[39m,
  currentUserId: [32m'user-1'[39m,
  spaceOwnerId: [32m'user-1'[39m,
  ownerIdMatch: [33mtrue[39m,
  hasCurrentSpace: [33mtrue[39m,
  hasUser: [33mtrue[39m,
  apiIsOwner: [33mtrue[39m
}

[90mstdout[2m | src/pages/SpaceDetail.test.tsx[2m > [22m[2mSpaceDetail[2m > [22m[2mrenders members list when members tab is selected
[22m[39m[SpaceDetail] Debug Info: {
  activeTab: [32m'content'[39m,
  isAdmin: [33mtrue[39m,
  isOwner: [33mtrue[39m,
  hasInviteCode: [33mfalse[39m,
  inviteCode: [90mundefined[39m,
  membersCount: [33m2[39m,
  currentUserId: [32m'user-1'[39m,
  spaceOwnerId: [32m'user-1'[39m,
  ownerIdMatch: [33mtrue[39m,
  hasCurrentSpace: [33mtrue[39m,
  hasUser: [33mtrue[39m,
  apiIsOwner: [33mtrue[39m
}
[SpaceDetail] Debug Info: {
  activeTab: [32m'members'[39m,
  isAdmin: [33mtrue[39m,
  isOwner: [33mtrue[39m,
  hasInviteCode: [33mfalse[39m,
  inviteCode: [90mundefined[39m,
  membersCount: [33m2[39m,
  currentUserId: [32m'user-1'[39m,
  spaceOwnerId: [32m'user-1'[39m,
  ownerIdMatch: [33mtrue[39m,
  hasCurrentSpace: [33mtrue[39m,
  hasUser: [33mtrue[39m,
  apiIsOwner: [33mtrue[39m
}

[90mstdout[2m | src/pages/JoinSpace.test.tsx[2m > [22m[2mJoinSpace[2m > [22m[2mNavigation[2m > [22m[2mdoes not allow cancel when joining is in progress
[22m[39m[JoinSpace] Debug: {
  inviteCodeFromUrl: [32m'valid-invite-code'[39m,
  stateInviteCode: [32m'valid-invite-code'[39m,
  isValidInviteCode: [33mtrue[39m,
  hasError: [33mfalse[39m,
  error: [1mnull[22m,
  buttonDisabled: [33mfalse[39m
}
[JoinSpace] Debug: {
  inviteCodeFromUrl: [32m'valid-invite-code'[39m,
  stateInviteCode: [32m'valid-invite-code'[39m,
  isValidInviteCode: [33mtrue[39m,
  hasError: [33mfalse[39m,
  error: [1mnull[22m,
  buttonDisabled: [33mfalse[39m
}

[90mstdout[2m | src/pages/SpaceDetail.test.tsx[2m > [22m[2mSpaceDetail[2m > [22m[2mopens invite modal when invite button is clicked
[22m[39m[SpaceDetail] Debug Info: {
  activeTab: [32m'content'[39m,
  isAdmin: [33mtrue[39m,
  isOwner: [33mtrue[39m,
  hasInviteCode: [33mfalse[39m,
  inviteCode: [90mundefined[39m,
  membersCount: [33m2[39m,
  currentUserId: [32m'user-1'[39m,
  spaceOwnerId: [32m'user-1'[39m,
  ownerIdMatch: [33mtrue[39m,
  hasCurrentSpace: [33mtrue[39m,
  hasUser: [33mtrue[39m,
  apiIsOwner: [33mtrue[39m
}
[SpaceDetail] Debug Info: {
  activeTab: [32m'members'[39m,
  isAdmin: [33mtrue[39m,
  isOwner: [33mtrue[39m,
  hasInviteCode: [33mfalse[39m,
  inviteCode: [90mundefined[39m,
  membersCount: [33m2[39m,
  currentUserId: [32m'user-1'[39m,
  spaceOwnerId: [32m'user-1'[39m,
  ownerIdMatch: [33mtrue[39m,
  hasCurrentSpace: [33mtrue[39m,
  hasUser: [33mtrue[39m,
  apiIsOwner: [33mtrue[39m
}
[SpaceDetail] Debug Info: {
  activeTab: [32m'members'[39m,
  isAdmin: [33mtrue[39m,
  isOwner: [33mtrue[39m,
  hasInviteCode: [33mfalse[39m,
  inviteCode: [90mundefined[39m,
  membersCount: [33m2[39m,
  currentUserId: [32m'user-1'[39m,
  spaceOwnerId: [32m'user-1'[39m,
  ownerIdMatch: [33mtrue[39m,
  hasCurrentSpace: [33mtrue[39m,
  hasUser: [33mtrue[39m,
  apiIsOwner: [33mtrue[39m
}

[90mstdout[2m | src/pages/JoinSpace.test.tsx[2m > [22m[2mJoinSpace[2m > [22m[2mNavigation[2m > [22m[2mdoes not allow cancel when joining is in progress
[22m[39m[JoinSpace] Debug: {
  inviteCodeFromUrl: [32m'valid-invite-code'[39m,
  stateInviteCode: [32m'valid-invite-code'[39m,
  isValidInviteCode: [33mtrue[39m,
  hasError: [33mfalse[39m,
  error: [1mnull[22m,
  buttonDisabled: [33mtrue[39m
}

[90mstdout[2m | src/pages/SpaceDetail.test.tsx[2m > [22m[2mSpaceDetail[2m > [22m[2mcloses invite modal
[22m[39m[SpaceDetail] Debug Info: {
  activeTab: [32m'content'[39m,
  isAdmin: [33mtrue[39m,
  isOwner: [33mtrue[39m,
  hasInviteCode: [33mfalse[39m,
  inviteCode: [90mundefined[39m,
  membersCount: [33m2[39m,
  currentUserId: [32m'user-1'[39m,
  spaceOwnerId: [32m'user-1'[39m,
  ownerIdMatch: [33mtrue[39m,
  hasCurrentSpace: [33mtrue[39m,
  hasUser: [33mtrue[39m,
  apiIsOwner: [33mtrue[39m
}
[SpaceDetail] Debug Info: {
  activeTab: [32m'members'[39m,
  isAdmin: [33mtrue[39m,
  isOwner: [33mtrue[39m,
  hasInviteCode: [33mfalse[39m,
  inviteCode: [90mundefined[39m,
  membersCount: [33m2[39m,
  currentUserId: [32m'user-1'[39m,
  spaceOwnerId: [32m'user-1'[39m,
  ownerIdMatch: [33mtrue[39m,
  hasCurrentSpace: [33mtrue[39m,
  hasUser: [33mtrue[39m,
  apiIsOwner: [33mtrue[39m
}
[SpaceDetail] Debug Info: {
  activeTab: [32m'members'[39m,
  isAdmin: [33mtrue[39m,
  isOwner: [33mtrue[39m,
  hasInviteCode: [33mfalse[39m,
  inviteCode: [90mundefined[39m,
  membersCount: [33m2[39m,
  currentUserId: [32m'user-1'[39m,
  spaceOwnerId: [32m'user-1'[39m,
  ownerIdMatch: [33mtrue[39m,
  hasCurrentSpace: [33mtrue[39m,
  hasUser: [33mtrue[39m,
  apiIsOwner: [33mtrue[39m
}
[SpaceDetail] Debug Info: {
  activeTab: [32m'members'[39m,
  isAdmin: [33mtrue[39m,
  isOwner: [33mtrue[39m,
  hasInviteCode: [33mfalse[39m,
  inviteCode: [90mundefined[39m,
  membersCount: [33m2[39m,
  currentUserId: [32m'user-1'[39m,
  spaceOwnerId: [32m'user-1'[39m,
  ownerIdMatch: [33mtrue[39m,
  hasCurrentSpace: [33mtrue[39m,
  hasUser: [33mtrue[39m,
  apiIsOwner: [33mtrue[39m
}

[90mstdout[2m | src/pages/SpaceDetail.test.tsx[2m > [22m[2mSpaceDetail[2m > [22m[2mshows space settings button for owners
[22m[39m[SpaceDetail] Debug Info: {
  activeTab: [32m'content'[39m,
  isAdmin: [33mtrue[39m,
  isOwner: [33mtrue[39m,
  hasInviteCode: [33mfalse[39m,
  inviteCode: [90mundefined[39m,
  membersCount: [33m2[39m,
  currentUserId: [32m'user-1'[39m,
  spaceOwnerId: [32m'user-1'[39m,
  ownerIdMatch: [33mtrue[39m,
  hasCurrentSpace: [33mtrue[39m,
  hasUser: [33mtrue[39m,
  apiIsOwner: [33mtrue[39m
}

[90mstdout[2m | src/pages/SpaceDetail.test.tsx[2m > [22m[2mSpaceDetail[2m > [22m[2mhandles invite sent successfully
[22m[39m[SpaceDetail] Debug Info: {
  activeTab: [32m'content'[39m,
  isAdmin: [33mtrue[39m,
  isOwner: [33mtrue[39m,
  hasInviteCode: [33mfalse[39m,
  inviteCode: [90mundefined[39m,
  membersCount: [33m2[39m,
  currentUserId: [32m'user-1'[39m,
  spaceOwnerId: [32m'user-1'[39m,
  ownerIdMatch: [33mtrue[39m,
  hasCurrentSpace: [33mtrue[39m,
  hasUser: [33mtrue[39m,
  apiIsOwner: [33mtrue[39m
}
[SpaceDetail] Debug Info: {
  activeTab: [32m'members'[39m,
  isAdmin: [33mtrue[39m,
  isOwner: [33mtrue[39m,
  hasInviteCode: [33mfalse[39m,
  inviteCode: [90mundefined[39m,
  membersCount: [33m2[39m,
  currentUserId: [32m'user-1'[39m,
  spaceOwnerId: [32m'user-1'[39m,
  ownerIdMatch: [33mtrue[39m,
  hasCurrentSpace: [33mtrue[39m,
  hasUser: [33mtrue[39m,
  apiIsOwner: [33mtrue[39m
}
[SpaceDetail] Debug Info: {
  activeTab: [32m'members'[39m,
  isAdmin: [33mtrue[39m,
  isOwner: [33mtrue[39m,
  hasInviteCode: [33mfalse[39m,
  inviteCode: [90mundefined[39m,
  membersCount: [33m2[39m,
  currentUserId: [32m'user-1'[39m,
  spaceOwnerId: [32m'user-1'[39m,
  ownerIdMatch: [33mtrue[39m,
  hasCurrentSpace: [33mtrue[39m,
  hasUser: [33mtrue[39m,
  apiIsOwner: [33mtrue[39m
}
[SpaceDetail] Debug Info: {
  activeTab: [32m'members'[39m,
  isAdmin: [33mtrue[39m,
  isOwner: [33mtrue[39m,
  hasInviteCode: [33mfalse[39m,
  inviteCode: [90mundefined[39m,
  membersCount: [33m2[39m,
  currentUserId: [32m'user-1'[39m,
  spaceOwnerId: [32m'user-1'[39m,
  ownerIdMatch: [33mtrue[39m,
  hasCurrentSpace: [33mtrue[39m,
  hasUser: [33mtrue[39m,
  apiIsOwner: [33mtrue[39m
}

 [32m✓[39m src/pages/Dashboard.test.tsx [2m([22m[2m26 tests[22m[2m)[22m[32m 260[2mms[22m[39m
[90mstdout[2m | src/pages/SpaceDetail.test.tsx[2m > [22m[2mSpaceDetail[2m > [22m[2mhandles cancel invitation function existence
[22m[39m[SpaceDetail] Debug Info: {
  activeTab: [32m'content'[39m,
  isAdmin: [33mtrue[39m,
  isOwner: [33mtrue[39m,
  hasInviteCode: [33mfalse[39m,
  inviteCode: [90mundefined[39m,
  membersCount: [33m2[39m,
  currentUserId: [32m'user-1'[39m,
  spaceOwnerId: [32m'user-1'[39m,
  ownerIdMatch: [33mtrue[39m,
  hasCurrentSpace: [33mtrue[39m,
  hasUser: [33mtrue[39m,
  apiIsOwner: [33mtrue[39m
}
[SpaceDetail] Debug Info: {
  activeTab: [32m'members'[39m,
  isAdmin: [33mtrue[39m,
  isOwner: [33mtrue[39m,
  hasInviteCode: [33mfalse[39m,
  inviteCode: [90mundefined[39m,
  membersCount: [33m2[39m,
  currentUserId: [32m'user-1'[39m,
  spaceOwnerId: [32m'user-1'[39m,
  ownerIdMatch: [33mtrue[39m,
  hasCurrentSpace: [33mtrue[39m,
  hasUser: [33mtrue[39m,
  apiIsOwner: [33mtrue[39m
}

[90mstdout[2m | src/pages/SpaceDetail.test.tsx[2m > [22m[2mSpaceDetail[2m > [22m[2mdoes not show space settings button for non-owners
[22m[39m[SpaceDetail] Debug Info: {
  activeTab: [32m'content'[39m,
  isAdmin: [33mtrue[39m,
  isOwner: [33mfalse[39m,
  hasInviteCode: [33mfalse[39m,
  inviteCode: [90mundefined[39m,
  membersCount: [33m2[39m,
  currentUserId: [32m'user-2'[39m,
  spaceOwnerId: [32m'user-1'[39m,
  ownerIdMatch: [33mfalse[39m,
  hasCurrentSpace: [33mtrue[39m,
  hasUser: [33mtrue[39m,
  apiIsOwner: [33mfalse[39m
}

[90mstdout[2m | src/pages/SpaceDetail.test.tsx[2m > [22m[2mSpaceDetail[2m > [22m[2mshows space visibility correctly
[22m[39m[SpaceDetail] Debug Info: {
  activeTab: [32m'content'[39m,
  isAdmin: [33mtrue[39m,
  isOwner: [33mtrue[39m,
  hasInviteCode: [33mfalse[39m,
  inviteCode: [90mundefined[39m,
  membersCount: [33m2[39m,
  currentUserId: [32m'user-1'[39m,
  spaceOwnerId: [32m'user-1'[39m,
  ownerIdMatch: [33mtrue[39m,
  hasCurrentSpace: [33mtrue[39m,
  hasUser: [33mtrue[39m,
  apiIsOwner: [33mtrue[39m
}

[90mstdout[2m | src/pages/SpaceDetail.test.tsx[2m > [22m[2mSpaceDetail[2m > [22m[2mshows public space visibility correctly
[22m[39m[SpaceDetail] Debug Info: {
  activeTab: [32m'content'[39m,
  isAdmin: [33mtrue[39m,
  isOwner: [33mtrue[39m,
  hasInviteCode: [33mfalse[39m,
  inviteCode: [90mundefined[39m,
  membersCount: [33m2[39m,
  currentUserId: [32m'user-1'[39m,
  spaceOwnerId: [32m'user-1'[39m,
  ownerIdMatch: [33mtrue[39m,
  hasCurrentSpace: [33mtrue[39m,
  hasUser: [33mtrue[39m,
  apiIsOwner: [33mtrue[39m
}

[90mstdout[2m | src/pages/SpaceDetail.test.tsx[2m > [22m[2mSpaceDetail[2m > [22m[2mshows breadcrumb navigation
[22m[39m[SpaceDetail] Debug Info: {
  activeTab: [32m'content'[39m,
  isAdmin: [33mtrue[39m,
  isOwner: [33mtrue[39m,
  hasInviteCode: [33mfalse[39m,
  inviteCode: [90mundefined[39m,
  membersCount: [33m2[39m,
  currentUserId: [32m'user-1'[39m,
  spaceOwnerId: [32m'user-1'[39m,
  ownerIdMatch: [33mtrue[39m,
  hasCurrentSpace: [33mtrue[39m,
  hasUser: [33mtrue[39m,
  apiIsOwner: [33mtrue[39m
}

[90mstdout[2m | src/pages/SpaceDetail.test.tsx[2m > [22m[2mSpaceDetail[2m > [22m[2mshows breadcrumb navigation links
[22m[39m[SpaceDetail] Debug Info: {
  activeTab: [32m'content'[39m,
  isAdmin: [33mtrue[39m,
  isOwner: [33mtrue[39m,
  hasInviteCode: [33mfalse[39m,
  inviteCode: [90mundefined[39m,
  membersCount: [33m2[39m,
  currentUserId: [32m'user-1'[39m,
  spaceOwnerId: [32m'user-1'[39m,
  ownerIdMatch: [33mtrue[39m,
  hasCurrentSpace: [33mtrue[39m,
  hasUser: [33mtrue[39m,
  apiIsOwner: [33mtrue[39m
}

[90mstdout[2m | src/pages/SpaceDetail.test.tsx[2m > [22m[2mSpaceDetail[2m > [22m[2mshows space actions menu
[22m[39m[SpaceDetail] Debug Info: {
  activeTab: [32m'content'[39m,
  isAdmin: [33mtrue[39m,
  isOwner: [33mtrue[39m,
  hasInviteCode: [33mfalse[39m,
  inviteCode: [90mundefined[39m,
  membersCount: [33m2[39m,
  currentUserId: [32m'user-1'[39m,
  spaceOwnerId: [32m'user-1'[39m,
  ownerIdMatch: [33mtrue[39m,
  hasCurrentSpace: [33mtrue[39m,
  hasUser: [33mtrue[39m,
  apiIsOwner: [33mtrue[39m
}

[90mstdout[2m | src/pages/JoinSpace.test.tsx[2m > [22m[2mJoinSpace[2m > [22m[2mKeyboard Interaction[2m > [22m[2mjoins space when Enter key is pressed
[22m[39m[JoinSpace] Debug: {
  inviteCodeFromUrl: [32m'valid-invite-code'[39m,
  stateInviteCode: [32m'valid-invite-code'[39m,
  isValidInviteCode: [33mtrue[39m,
  hasError: [33mfalse[39m,
  error: [1mnull[22m,
  buttonDisabled: [33mfalse[39m
}
[JoinSpace] Debug: {
  inviteCodeFromUrl: [32m'valid-invite-code'[39m,
  stateInviteCode: [32m'valid-invite-code'[39m,
  isValidInviteCode: [33mtrue[39m,
  hasError: [33mfalse[39m,
  error: [1mnull[22m,
  buttonDisabled: [33mfalse[39m
}

[90mstdout[2m | src/pages/SpaceDetail.test.tsx[2m > [22m[2mSpaceDetail[2m > [22m[2mInvite Code Features[2m > [22m[2mdisplays invite code section for admins
[22m[39m[SpaceDetail] Debug Info: {
  activeTab: [32m'content'[39m,
  isAdmin: [33mtrue[39m,
  isOwner: [33mtrue[39m,
  hasInviteCode: [33mtrue[39m,
  inviteCode: [32m'ABC12345'[39m,
  membersCount: [33m2[39m,
  currentUserId: [32m'user-1'[39m,
  spaceOwnerId: [32m'user-1'[39m,
  ownerIdMatch: [33mtrue[39m,
  hasCurrentSpace: [33mtrue[39m,
  hasUser: [33mtrue[39m,
  apiIsOwner: [33mtrue[39m
}
[SpaceDetail] Debug Info: {
  activeTab: [32m'members'[39m,
  isAdmin: [33mtrue[39m,
  isOwner: [33mtrue[39m,
  hasInviteCode: [33mtrue[39m,
  inviteCode: [32m'ABC12345'[39m,
  membersCount: [33m2[39m,
  currentUserId: [32m'user-1'[39m,
  spaceOwnerId: [32m'user-1'[39m,
  ownerIdMatch: [33mtrue[39m,
  hasCurrentSpace: [33mtrue[39m,
  hasUser: [33mtrue[39m,
  apiIsOwner: [33mtrue[39m
}

[90mstdout[2m | src/pages/SpaceDetail.test.tsx[2m > [22m[2mSpaceDetail[2m > [22m[2mInvite Code Features[2m > [22m[2mcopies invite code to clipboard when Copy Code is clicked
[22m[39m[SpaceDetail] Debug Info: {
  activeTab: [32m'content'[39m,
  isAdmin: [33mtrue[39m,
  isOwner: [33mtrue[39m,
  hasInviteCode: [33mtrue[39m,
  inviteCode: [32m'ABC12345'[39m,
  membersCount: [33m2[39m,
  currentUserId: [32m'user-1'[39m,
  spaceOwnerId: [32m'user-1'[39m,
  ownerIdMatch: [33mtrue[39m,
  hasCurrentSpace: [33mtrue[39m,
  hasUser: [33mtrue[39m,
  apiIsOwner: [33mtrue[39m
}
[SpaceDetail] Debug Info: {
  activeTab: [32m'members'[39m,
  isAdmin: [33mtrue[39m,
  isOwner: [33mtrue[39m,
  hasInviteCode: [33mtrue[39m,
  inviteCode: [32m'ABC12345'[39m,
  membersCount: [33m2[39m,
  currentUserId: [32m'user-1'[39m,
  spaceOwnerId: [32m'user-1'[39m,
  ownerIdMatch: [33mtrue[39m,
  hasCurrentSpace: [33mtrue[39m,
  hasUser: [33mtrue[39m,
  apiIsOwner: [33mtrue[39m
}

[90mstdout[2m | src/pages/SpaceDetail.test.tsx[2m > [22m[2mSpaceDetail[2m > [22m[2mInvite Code Features[2m > [22m[2mcopies invite code to clipboard when Copy Code is clicked
[22m[39m[SpaceDetail] Debug Info: {
  activeTab: [32m'members'[39m,
  isAdmin: [33mtrue[39m,
  isOwner: [33mtrue[39m,
  hasInviteCode: [33mtrue[39m,
  inviteCode: [32m'ABC12345'[39m,
  membersCount: [33m2[39m,
  currentUserId: [32m'user-1'[39m,
  spaceOwnerId: [32m'user-1'[39m,
  ownerIdMatch: [33mtrue[39m,
  hasCurrentSpace: [33mtrue[39m,
  hasUser: [33mtrue[39m,
  apiIsOwner: [33mtrue[39m
}

[90mstdout[2m | src/pages/JoinSpace.test.tsx[2m > [22m[2mJoinSpace[2m > [22m[2mKeyboard Interaction[2m > [22m[2mjoins space when Enter key is pressed
[22m[39m[JoinSpace] Debug: {
  inviteCodeFromUrl: [32m'valid-invite-code'[39m,
  stateInviteCode: [32m'valid-invite-code'[39m,
  isValidInviteCode: [33mtrue[39m,
  hasError: [33mfalse[39m,
  error: [1mnull[22m,
  buttonDisabled: [33mtrue[39m
}

[90mstdout[2m | src/pages/SpaceDetail.test.tsx[2m > [22m[2mSpaceDetail[2m > [22m[2mInvite Code Features[2m > [22m[2mcopies join link to clipboard when Copy Link is clicked
[22m[39m[SpaceDetail] Debug Info: {
  activeTab: [32m'content'[39m,
  isAdmin: [33mtrue[39m,
  isOwner: [33mtrue[39m,
  hasInviteCode: [33mtrue[39m,
  inviteCode: [32m'ABC12345'[39m,
  membersCount: [33m2[39m,
  currentUserId: [32m'user-1'[39m,
  spaceOwnerId: [32m'user-1'[39m,
  ownerIdMatch: [33mtrue[39m,
  hasCurrentSpace: [33mtrue[39m,
  hasUser: [33mtrue[39m,
  apiIsOwner: [33mtrue[39m
}
[SpaceDetail] Debug Info: {
  activeTab: [32m'members'[39m,
  isAdmin: [33mtrue[39m,
  isOwner: [33mtrue[39m,
  hasInviteCode: [33mtrue[39m,
  inviteCode: [32m'ABC12345'[39m,
  membersCount: [33m2[39m,
  currentUserId: [32m'user-1'[39m,
  spaceOwnerId: [32m'user-1'[39m,
  ownerIdMatch: [33mtrue[39m,
  hasCurrentSpace: [33mtrue[39m,
  hasUser: [33mtrue[39m,
  apiIsOwner: [33mtrue[39m
}

[90mstdout[2m | src/pages/SpaceDetail.test.tsx[2m > [22m[2mSpaceDetail[2m > [22m[2mInvite Code Features[2m > [22m[2mcopies join link to clipboard when Copy Link is clicked
[22m[39m[SpaceDetail] Debug Info: {
  activeTab: [32m'members'[39m,
  isAdmin: [33mtrue[39m,
  isOwner: [33mtrue[39m,
  hasInviteCode: [33mtrue[39m,
  inviteCode: [32m'ABC12345'[39m,
  membersCount: [33m2[39m,
  currentUserId: [32m'user-1'[39m,
  spaceOwnerId: [32m'user-1'[39m,
  ownerIdMatch: [33mtrue[39m,
  hasCurrentSpace: [33mtrue[39m,
  hasUser: [33mtrue[39m,
  apiIsOwner: [33mtrue[39m
}

[90mstdout[2m | src/pages/SpaceDetail.test.tsx[2m > [22m[2mSpaceDetail[2m > [22m[2mInvite Code Features[2m > [22m[2mshows confirmation dialog when Regenerate is clicked
[22m[39m[SpaceDetail] Debug Info: {
  activeTab: [32m'content'[39m,
  isAdmin: [33mtrue[39m,
  isOwner: [33mtrue[39m,
  hasInviteCode: [33mtrue[39m,
  inviteCode: [32m'ABC12345'[39m,
  membersCount: [33m2[39m,
  currentUserId: [32m'user-1'[39m,
  spaceOwnerId: [32m'user-1'[39m,
  ownerIdMatch: [33mtrue[39m,
  hasCurrentSpace: [33mtrue[39m,
  hasUser: [33mtrue[39m,
  apiIsOwner: [33mtrue[39m
}
[SpaceDetail] Debug Info: {
  activeTab: [32m'members'[39m,
  isAdmin: [33mtrue[39m,
  isOwner: [33mtrue[39m,
  hasInviteCode: [33mtrue[39m,
  inviteCode: [32m'ABC12345'[39m,
  membersCount: [33m2[39m,
  currentUserId: [32m'user-1'[39m,
  spaceOwnerId: [32m'user-1'[39m,
  ownerIdMatch: [33mtrue[39m,
  hasCurrentSpace: [33mtrue[39m,
  hasUser: [33mtrue[39m,
  apiIsOwner: [33mtrue[39m
}
[SpaceDetail] Debug Info: {
  activeTab: [32m'members'[39m,
  isAdmin: [33mtrue[39m,
  isOwner: [33mtrue[39m,
  hasInviteCode: [33mtrue[39m,
  inviteCode: [32m'ABC12345'[39m,
  membersCount: [33m2[39m,
  currentUserId: [32m'user-1'[39m,
  spaceOwnerId: [32m'user-1'[39m,
  ownerIdMatch: [33mtrue[39m,
  hasCurrentSpace: [33mtrue[39m,
  hasUser: [33mtrue[39m,
  apiIsOwner: [33mtrue[39m
}

[90mstdout[2m | src/pages/JoinSpace.test.tsx[2m > [22m[2mJoinSpace[2m > [22m[2mKeyboard Interaction[2m > [22m[2mnavigates to dashboard when Escape key is pressed
[22m[39m[JoinSpace] Debug: {
  inviteCodeFromUrl: [32m'valid-invite-code'[39m,
  stateInviteCode: [32m'valid-invite-code'[39m,
  isValidInviteCode: [33mtrue[39m,
  hasError: [33mfalse[39m,
  error: [1mnull[22m,
  buttonDisabled: [33mfalse[39m
}
[JoinSpace] Debug: {
  inviteCodeFromUrl: [32m'valid-invite-code'[39m,
  stateInviteCode: [32m'valid-invite-code'[39m,
  isValidInviteCode: [33mtrue[39m,
  hasError: [33mfalse[39m,
  error: [1mnull[22m,
  buttonDisabled: [33mfalse[39m
}

[90mstdout[2m | src/pages/SpaceDetail.test.tsx[2m > [22m[2mSpaceDetail[2m > [22m[2mInvite Code Features[2m > [22m[2mcloses confirmation dialog when Cancel is clicked
[22m[39m[SpaceDetail] Debug Info: {
  activeTab: [32m'content'[39m,
  isAdmin: [33mtrue[39m,
  isOwner: [33mtrue[39m,
  hasInviteCode: [33mtrue[39m,
  inviteCode: [32m'ABC12345'[39m,
  membersCount: [33m2[39m,
  currentUserId: [32m'user-1'[39m,
  spaceOwnerId: [32m'user-1'[39m,
  ownerIdMatch: [33mtrue[39m,
  hasCurrentSpace: [33mtrue[39m,
  hasUser: [33mtrue[39m,
  apiIsOwner: [33mtrue[39m
}
[SpaceDetail] Debug Info: {
  activeTab: [32m'members'[39m,
  isAdmin: [33mtrue[39m,
  isOwner: [33mtrue[39m,
  hasInviteCode: [33mtrue[39m,
  inviteCode: [32m'ABC12345'[39m,
  membersCount: [33m2[39m,
  currentUserId: [32m'user-1'[39m,
  spaceOwnerId: [32m'user-1'[39m,
  ownerIdMatch: [33mtrue[39m,
  hasCurrentSpace: [33mtrue[39m,
  hasUser: [33mtrue[39m,
  apiIsOwner: [33mtrue[39m
}
[SpaceDetail] Debug Info: {
  activeTab: [32m'members'[39m,
  isAdmin: [33mtrue[39m,
  isOwner: [33mtrue[39m,
  hasInviteCode: [33mtrue[39m,
  inviteCode: [32m'ABC12345'[39m,
  membersCount: [33m2[39m,
  currentUserId: [32m'user-1'[39m,
  spaceOwnerId: [32m'user-1'[39m,
  ownerIdMatch: [33mtrue[39m,
  hasCurrentSpace: [33mtrue[39m,
  hasUser: [33mtrue[39m,
  apiIsOwner: [33mtrue[39m
}

[90mstdout[2m | src/pages/SpaceDetail.test.tsx[2m > [22m[2mSpaceDetail[2m > [22m[2mInvite Code Features[2m > [22m[2mcloses confirmation dialog when Cancel is clicked
[22m[39m[SpaceDetail] Debug Info: {
  activeTab: [32m'members'[39m,
  isAdmin: [33mtrue[39m,
  isOwner: [33mtrue[39m,
  hasInviteCode: [33mtrue[39m,
  inviteCode: [32m'ABC12345'[39m,
  membersCount: [33m2[39m,
  currentUserId: [32m'user-1'[39m,
  spaceOwnerId: [32m'user-1'[39m,
  ownerIdMatch: [33mtrue[39m,
  hasCurrentSpace: [33mtrue[39m,
  hasUser: [33mtrue[39m,
  apiIsOwner: [33mtrue[39m
}

 [32m✓[39m src/App.aws.test.tsx [2m([22m[2m1 test[22m[2m)[22m[32m 102[2mms[22m[39m
 [32m✓[39m src/main.test.tsx [2m([22m[2m3 tests[22m[2m)[22m[33m 1230[2mms[22m[39m
   [33m[2m✓[22m[39m main.tsx[2m > [22mshould skip Amplify configuration in test environment [33m 1227[2mms[22m[39m
[90mstdout[2m | src/pages/SpaceDetail.test.tsx[2m > [22m[2mSpaceDetail[2m > [22m[2mInvite Code Features[2m > [22m[2mregenerates invite code when Continue is clicked
[22m[39m[SpaceDetail] Debug Info: {
  activeTab: [32m'content'[39m,
  isAdmin: [33mtrue[39m,
  isOwner: [33mtrue[39m,
  hasInviteCode: [33mtrue[39m,
  inviteCode: [32m'ABC12345'[39m,
  membersCount: [33m2[39m,
  currentUserId: [32m'user-1'[39m,
  spaceOwnerId: [32m'user-1'[39m,
  ownerIdMatch: [33mtrue[39m,
  hasCurrentSpace: [33mtrue[39m,
  hasUser: [33mtrue[39m,
  apiIsOwner: [33mtrue[39m
}
[SpaceDetail] Debug Info: {
  activeTab: [32m'members'[39m,
  isAdmin: [33mtrue[39m,
  isOwner: [33mtrue[39m,
  hasInviteCode: [33mtrue[39m,
  inviteCode: [32m'ABC12345'[39m,
  membersCount: [33m2[39m,
  currentUserId: [32m'user-1'[39m,
  spaceOwnerId: [32m'user-1'[39m,
  ownerIdMatch: [33mtrue[39m,
  hasCurrentSpace: [33mtrue[39m,
  hasUser: [33mtrue[39m,
  apiIsOwner: [33mtrue[39m
}
[SpaceDetail] Debug Info: {
  activeTab: [32m'members'[39m,
  isAdmin: [33mtrue[39m,
  isOwner: [33mtrue[39m,
  hasInviteCode: [33mtrue[39m,
  inviteCode: [32m'ABC12345'[39m,
  membersCount: [33m2[39m,
  currentUserId: [32m'user-1'[39m,
  spaceOwnerId: [32m'user-1'[39m,
  ownerIdMatch: [33mtrue[39m,
  hasCurrentSpace: [33mtrue[39m,
  hasUser: [33mtrue[39m,
  apiIsOwner: [33mtrue[39m
}

[90mstdout[2m | src/pages/SpaceDetail.test.tsx[2m > [22m[2mSpaceDetail[2m > [22m[2mInvite Code Features[2m > [22m[2mregenerates invite code when Continue is clicked
[22m[39m[SpaceDetail] Debug Info: {
  activeTab: [32m'members'[39m,
  isAdmin: [33mtrue[39m,
  isOwner: [33mtrue[39m,
  hasInviteCode: [33mtrue[39m,
  inviteCode: [32m'ABC12345'[39m,
  membersCount: [33m2[39m,
  currentUserId: [32m'user-1'[39m,
  spaceOwnerId: [32m'user-1'[39m,
  ownerIdMatch: [33mtrue[39m,
  hasCurrentSpace: [33mtrue[39m,
  hasUser: [33mtrue[39m,
  apiIsOwner: [33mtrue[39m
}

 [32m✓[39m src/components/spaces/InviteMemberModal.test.tsx [2m([22m[2m25 tests[22m[2m)[22m[33m 468[2mms[22m[39m
[90mstdout[2m | src/pages/SpaceDetail.test.tsx[2m > [22m[2mSpaceDetail[2m > [22m[2mInvite Code Features[2m > [22m[2mregenerates invite code when Continue is clicked
[22m[39m[SpaceDetail] Debug Info: {
  activeTab: [32m'members'[39m,
  isAdmin: [33mtrue[39m,
  isOwner: [33mtrue[39m,
  hasInviteCode: [33mtrue[39m,
  inviteCode: [32m'ABC12345'[39m,
  membersCount: [33m2[39m,
  currentUserId: [32m'user-1'[39m,
  spaceOwnerId: [32m'user-1'[39m,
  ownerIdMatch: [33mtrue[39m,
  hasCurrentSpace: [33mtrue[39m,
  hasUser: [33mtrue[39m,
  apiIsOwner: [33mtrue[39m
}

[90mstdout[2m | src/pages/SpaceDetail.test.tsx[2m > [22m[2mSpaceDetail[2m > [22m[2mInvite Code Features[2m > [22m[2mshows error message when regenerate fails
[22m[39m[SpaceDetail] Debug Info: {
  activeTab: [32m'content'[39m,
  isAdmin: [33mtrue[39m,
  isOwner: [33mtrue[39m,
  hasInviteCode: [33mtrue[39m,
  inviteCode: [32m'ABC12345'[39m,
  membersCount: [33m2[39m,
  currentUserId: [32m'user-1'[39m,
  spaceOwnerId: [32m'user-1'[39m,
  ownerIdMatch: [33mtrue[39m,
  hasCurrentSpace: [33mtrue[39m,
  hasUser: [33mtrue[39m,
  apiIsOwner: [33mtrue[39m
}
[SpaceDetail] Debug Info: {
  activeTab: [32m'members'[39m,
  isAdmin: [33mtrue[39m,
  isOwner: [33mtrue[39m,
  hasInviteCode: [33mtrue[39m,
  inviteCode: [32m'ABC12345'[39m,
  membersCount: [33m2[39m,
  currentUserId: [32m'user-1'[39m,
  spaceOwnerId: [32m'user-1'[39m,
  ownerIdMatch: [33mtrue[39m,
  hasCurrentSpace: [33mtrue[39m,
  hasUser: [33mtrue[39m,
  apiIsOwner: [33mtrue[39m
}
[SpaceDetail] Debug Info: {
  activeTab: [32m'members'[39m,
  isAdmin: [33mtrue[39m,
  isOwner: [33mtrue[39m,
  hasInviteCode: [33mtrue[39m,
  inviteCode: [32m'ABC12345'[39m,
  membersCount: [33m2[39m,
  currentUserId: [32m'user-1'[39m,
  spaceOwnerId: [32m'user-1'[39m,
  ownerIdMatch: [33mtrue[39m,
  hasCurrentSpace: [33mtrue[39m,
  hasUser: [33mtrue[39m,
  apiIsOwner: [33mtrue[39m
}

 [32m✓[39m src/App.test.tsx [2m([22m[2m5 tests[22m[2m)[22m[32m 89[2mms[22m[39m
[90mstdout[2m | src/pages/JoinSpace.test.tsx[2m > [22m[2mJoinSpace[2m > [22m[2mKeyboard Interaction[2m > [22m[2mdoes not join when Enter is pressed during loading
[22m[39m[JoinSpace] Debug: {
  inviteCodeFromUrl: [32m'valid-invite-code'[39m,
  stateInviteCode: [32m'valid-invite-code'[39m,
  isValidInviteCode: [33mtrue[39m,
  hasError: [33mfalse[39m,
  error: [1mnull[22m,
  buttonDisabled: [33mfalse[39m
}
[JoinSpace] Debug: {
  inviteCodeFromUrl: [32m'valid-invite-code'[39m,
  stateInviteCode: [32m'valid-invite-code'[39m,
  isValidInviteCode: [33mtrue[39m,
  hasError: [33mfalse[39m,
  error: [1mnull[22m,
  buttonDisabled: [33mfalse[39m
}

[90mstdout[2m | src/pages/SpaceDetail.test.tsx[2m > [22m[2mSpaceDetail[2m > [22m[2mInvite Code Features[2m > [22m[2mshows error message when regenerate fails
[22m[39m[SpaceDetail] Debug Info: {
  activeTab: [32m'members'[39m,
  isAdmin: [33mtrue[39m,
  isOwner: [33mtrue[39m,
  hasInviteCode: [33mtrue[39m,
  inviteCode: [32m'ABC12345'[39m,
  membersCount: [33m2[39m,
  currentUserId: [32m'user-1'[39m,
  spaceOwnerId: [32m'user-1'[39m,
  ownerIdMatch: [33mtrue[39m,
  hasCurrentSpace: [33mtrue[39m,
  hasUser: [33mtrue[39m,
  apiIsOwner: [33mtrue[39m
}

[90mstdout[2m | src/pages/SpaceDetail.test.tsx[2m > [22m[2mSpaceDetail[2m > [22m[2mInvite Code Features[2m > [22m[2mshows error message when regenerate fails
[22m[39m[SpaceDetail] Debug Info: {
  activeTab: [32m'members'[39m,
  isAdmin: [33mtrue[39m,
  isOwner: [33mtrue[39m,
  hasInviteCode: [33mtrue[39m,
  inviteCode: [32m'ABC12345'[39m,
  membersCount: [33m2[39m,
  currentUserId: [32m'user-1'[39m,
  spaceOwnerId: [32m'user-1'[39m,
  ownerIdMatch: [33mtrue[39m,
  hasCurrentSpace: [33mtrue[39m,
  hasUser: [33mtrue[39m,
  apiIsOwner: [33mtrue[39m
}

[90mstdout[2m | src/pages/SpaceDetail.test.tsx[2m > [22m[2mSpaceDetail[2m > [22m[2mInvite Code Features[2m > [22m[2mdisables buttons during regeneration
[22m[39m[SpaceDetail] Debug Info: {
  activeTab: [32m'content'[39m,
  isAdmin: [33mtrue[39m,
  isOwner: [33mtrue[39m,
  hasInviteCode: [33mtrue[39m,
  inviteCode: [32m'ABC12345'[39m,
  membersCount: [33m2[39m,
  currentUserId: [32m'user-1'[39m,
  spaceOwnerId: [32m'user-1'[39m,
  ownerIdMatch: [33mtrue[39m,
  hasCurrentSpace: [33mtrue[39m,
  hasUser: [33mtrue[39m,
  apiIsOwner: [33mtrue[39m
}
[SpaceDetail] Debug Info: {
  activeTab: [32m'members'[39m,
  isAdmin: [33mtrue[39m,
  isOwner: [33mtrue[39m,
  hasInviteCode: [33mtrue[39m,
  inviteCode: [32m'ABC12345'[39m,
  membersCount: [33m2[39m,
  currentUserId: [32m'user-1'[39m,
  spaceOwnerId: [32m'user-1'[39m,
  ownerIdMatch: [33mtrue[39m,
  hasCurrentSpace: [33mtrue[39m,
  hasUser: [33mtrue[39m,
  apiIsOwner: [33mtrue[39m
}
[SpaceDetail] Debug Info: {
  activeTab: [32m'members'[39m,
  isAdmin: [33mtrue[39m,
  isOwner: [33mtrue[39m,
  hasInviteCode: [33mtrue[39m,
  inviteCode: [32m'ABC12345'[39m,
  membersCount: [33m2[39m,
  currentUserId: [32m'user-1'[39m,
  spaceOwnerId: [32m'user-1'[39m,
  ownerIdMatch: [33mtrue[39m,
  hasCurrentSpace: [33mtrue[39m,
  hasUser: [33mtrue[39m,
  apiIsOwner: [33mtrue[39m
}

[90mstdout[2m | src/pages/SpaceDetail.test.tsx[2m > [22m[2mSpaceDetail[2m > [22m[2mInvite Code Features[2m > [22m[2mdisables buttons during regeneration
[22m[39m[SpaceDetail] Debug Info: {
  activeTab: [32m'members'[39m,
  isAdmin: [33mtrue[39m,
  isOwner: [33mtrue[39m,
  hasInviteCode: [33mtrue[39m,
  inviteCode: [32m'ABC12345'[39m,
  membersCount: [33m2[39m,
  currentUserId: [32m'user-1'[39m,
  spaceOwnerId: [32m'user-1'[39m,
  ownerIdMatch: [33mtrue[39m,
  hasCurrentSpace: [33mtrue[39m,
  hasUser: [33mtrue[39m,
  apiIsOwner: [33mtrue[39m
}

[90mstdout[2m | src/pages/SpaceDetail.test.tsx[2m > [22m[2mSpaceDetail[2m > [22m[2mInvite Code Features[2m > [22m[2mdoes not show invite code section for non-admin members
[22m[39m[SpaceDetail] Debug Info: {
  activeTab: [32m'content'[39m,
  isAdmin: [33mfalse[39m,
  isOwner: [33mfalse[39m,
  hasInviteCode: [33mtrue[39m,
  inviteCode: [32m'ABC12345'[39m,
  membersCount: [33m3[39m,
  currentUserId: [32m'user-3'[39m,
  spaceOwnerId: [32m'user-1'[39m,
  ownerIdMatch: [33mfalse[39m,
  hasCurrentSpace: [33mtrue[39m,
  hasUser: [33mtrue[39m,
  apiIsOwner: [33mfalse[39m
}
[SpaceDetail] Debug Info: {
  activeTab: [32m'members'[39m,
  isAdmin: [33mfalse[39m,
  isOwner: [33mfalse[39m,
  hasInviteCode: [33mtrue[39m,
  inviteCode: [32m'ABC12345'[39m,
  membersCount: [33m3[39m,
  currentUserId: [32m'user-3'[39m,
  spaceOwnerId: [32m'user-1'[39m,
  ownerIdMatch: [33mfalse[39m,
  hasCurrentSpace: [33mtrue[39m,
  hasUser: [33mtrue[39m,
  apiIsOwner: [33mfalse[39m
}

[90mstdout[2m | src/pages/JoinSpace.test.tsx[2m > [22m[2mJoinSpace[2m > [22m[2mKeyboard Interaction[2m > [22m[2mdoes not join when Enter is pressed during loading
[22m[39m[JoinSpace] Debug: {
  inviteCodeFromUrl: [32m'valid-invite-code'[39m,
  stateInviteCode: [32m'valid-invite-code'[39m,
  isValidInviteCode: [33mtrue[39m,
  hasError: [33mfalse[39m,
  error: [1mnull[22m,
  buttonDisabled: [33mtrue[39m
}

 [32m✓[39m src/components/spaces/SpaceList.test.tsx [2m([22m[2m28 tests[22m[2m)[22m[33m 1239[2mms[22m[39m
   [33m[2m✓[22m[39m SpaceList[2m > [22mhandles search functionality [33m 347[2mms[22m[39m
   [33m[2m✓[22m[39m SpaceList[2m > [22mdebounces search input [33m 372[2mms[22m[39m
   [33m[2m✓[22m[39m SpaceList[2m > [22mclears search input [33m 344[2mms[22m[39m
 [32m✓[39m src/components/spaces/CreateSpaceModal.test.tsx [2m([22m[2m22 tests[22m[2m)[22m[33m 720[2mms[22m[39m
 [32m✓[39m src/pages/SpaceDetail.test.tsx [2m([22m[2m28 tests[22m[2m | [22m[33m1 skipped[39m[2m)[22m[33m 561[2mms[22m[39m
[90mstdout[2m | src/pages/JoinSpace.test.tsx[2m > [22m[2mJoinSpace[2m > [22m[2mFocus Management[2m > [22m[2mhas proper focus management for keyboard navigation
[22m[39m[JoinSpace] Debug: {
  inviteCodeFromUrl: [32m'valid-invite-code'[39m,
  stateInviteCode: [32m'valid-invite-code'[39m,
  isValidInviteCode: [33mtrue[39m,
  hasError: [33mfalse[39m,
  error: [1mnull[22m,
  buttonDisabled: [33mfalse[39m
}
[JoinSpace] Debug: {
  inviteCodeFromUrl: [32m'valid-invite-code'[39m,
  stateInviteCode: [32m'valid-invite-code'[39m,
  isValidInviteCode: [33mtrue[39m,
  hasError: [33mfalse[39m,
  error: [1mnull[22m,
  buttonDisabled: [33mfalse[39m
}

[90mstdout[2m | src/pages/JoinSpace.test.tsx[2m > [22m[2mJoinSpace[2m > [22m[2mAccessibility[2m > [22m[2mhas proper ARIA attributes
[22m[39m[JoinSpace] Debug: {
  inviteCodeFromUrl: [32m'valid-invite-code'[39m,
  stateInviteCode: [32m'valid-invite-code'[39m,
  isValidInviteCode: [33mtrue[39m,
  hasError: [33mfalse[39m,
  error: [1mnull[22m,
  buttonDisabled: [33mfalse[39m
}
[JoinSpace] Debug: {
  inviteCodeFromUrl: [32m'valid-invite-code'[39m,
  stateInviteCode: [32m'valid-invite-code'[39m,
  isValidInviteCode: [33mtrue[39m,
  hasError: [33mfalse[39m,
  error: [1mnull[22m,
  buttonDisabled: [33mfalse[39m
}

[90mstdout[2m | src/pages/JoinSpace.test.tsx[2m > [22m[2mJoinSpace[2m > [22m[2mAccessibility[2m > [22m[2mannounces errors to screen readers
[22m[39m[JoinSpace] Debug: {
  inviteCodeFromUrl: [32m'valid-invite-code'[39m,
  stateInviteCode: [32m'valid-invite-code'[39m,
  isValidInviteCode: [33mtrue[39m,
  hasError: [33mfalse[39m,
  error: [1mnull[22m,
  buttonDisabled: [33mfalse[39m
}
[JoinSpace] Debug: {
  inviteCodeFromUrl: [32m'valid-invite-code'[39m,
  stateInviteCode: [32m'valid-invite-code'[39m,
  isValidInviteCode: [33mtrue[39m,
  hasError: [33mfalse[39m,
  error: [1mnull[22m,
  buttonDisabled: [33mfalse[39m
}

[90mstdout[2m | src/pages/JoinSpace.test.tsx[2m > [22m[2mJoinSpace[2m > [22m[2mAccessibility[2m > [22m[2mannounces errors to screen readers
[22m[39m[JoinSpace] Debug: {
  inviteCodeFromUrl: [32m'valid-invite-code'[39m,
  stateInviteCode: [32m'valid-invite-code'[39m,
  isValidInviteCode: [33mtrue[39m,
  hasError: [33mfalse[39m,
  error: [1mnull[22m,
  buttonDisabled: [33mtrue[39m
}

[90mstdout[2m | src/pages/JoinSpace.test.tsx[2m > [22m[2mJoinSpace[2m > [22m[2mAccessibility[2m > [22m[2mannounces errors to screen readers
[22m[39m[JoinSpace] Debug: {
  inviteCodeFromUrl: [32m'valid-invite-code'[39m,
  stateInviteCode: [32m'valid-invite-code'[39m,
  isValidInviteCode: [33mtrue[39m,
  hasError: [33mtrue[39m,
  error: [32m'Test error message'[39m,
  buttonDisabled: [33mfalse[39m
}

 [32m✓[39m src/stores/authStore.test.tsx [2m([22m[2m18 tests[22m[2m)[22m[33m 1264[2mms[22m[39m
[90mstdout[2m | src/pages/JoinSpace.test.tsx[2m > [22m[2mJoinSpace[2m > [22m[2mAccessibility[2m > [22m[2mhas proper button states for screen readers
[22m[39m[JoinSpace] Debug: {
  inviteCodeFromUrl: [32m''[39m,
  stateInviteCode: [32m''[39m,
  isValidInviteCode: [33mfalse[39m,
  hasError: [33mfalse[39m,
  error: [1mnull[22m,
  buttonDisabled: [33mtrue[39m
}
[JoinSpace] Debug: {
  inviteCodeFromUrl: [32m''[39m,
  stateInviteCode: [32m''[39m,
  isValidInviteCode: [33mfalse[39m,
  hasError: [33mtrue[39m,
  error: [32m'Invalid invite code provided'[39m,
  buttonDisabled: [33mtrue[39m
}

[90mstdout[2m | src/pages/JoinSpace.test.tsx[2m > [22m[2mJoinSpace[2m > [22m[2mEdge Cases[2m > [22m[2mhandles whitespace-only invite codes
[22m[39m[JoinSpace] Debug: {
  inviteCodeFromUrl: [32m'   '[39m,
  stateInviteCode: [32m'   '[39m,
  isValidInviteCode: [33mfalse[39m,
  hasError: [33mfalse[39m,
  error: [1mnull[22m,
  buttonDisabled: [33mtrue[39m
}
[JoinSpace] Debug: {
  inviteCodeFromUrl: [32m'   '[39m,
  stateInviteCode: [32m'   '[39m,
  isValidInviteCode: [33mfalse[39m,
  hasError: [33mtrue[39m,
  error: [32m'Invalid invite code provided'[39m,
  buttonDisabled: [33mtrue[39m
}

[90mstdout[2m | src/pages/JoinSpace.test.tsx[2m > [22m[2mJoinSpace[2m > [22m[2mEdge Cases[2m > [22m[2mtrims invite code before sending to API
[22m[39m[JoinSpace] Debug: {
  inviteCodeFromUrl: [32m'  valid-code-with-spaces  '[39m,
  stateInviteCode: [32m'  valid-code-with-spaces  '[39m,
  isValidInviteCode: [33mtrue[39m,
  hasError: [33mfalse[39m,
  error: [1mnull[22m,
  buttonDisabled: [33mfalse[39m
}
[JoinSpace] Debug: {
  inviteCodeFromUrl: [32m'  valid-code-with-spaces  '[39m,
  stateInviteCode: [32m'  valid-code-with-spaces  '[39m,
  isValidInviteCode: [33mtrue[39m,
  hasError: [33mfalse[39m,
  error: [1mnull[22m,
  buttonDisabled: [33mfalse[39m
}

[90mstdout[2m | src/pages/JoinSpace.test.tsx[2m > [22m[2mJoinSpace[2m > [22m[2mEdge Cases[2m > [22m[2mtrims invite code before sending to API
[22m[39m[JoinSpace] Debug: {
  inviteCodeFromUrl: [32m'  valid-code-with-spaces  '[39m,
  stateInviteCode: [32m'  valid-code-with-spaces  '[39m,
  isValidInviteCode: [33mtrue[39m,
  hasError: [33mfalse[39m,
  error: [1mnull[22m,
  buttonDisabled: [33mtrue[39m
}

[90mstdout[2m | src/pages/JoinSpace.test.tsx[2m > [22m[2mJoinSpace[2m > [22m[2mEdge Cases[2m > [22m[2mhandles undefined invite code param
[22m[39m[JoinSpace] Debug: {
  inviteCodeFromUrl: [90mundefined[39m,
  stateInviteCode: [32m''[39m,
  isValidInviteCode: [33mfalse[39m,
  hasError: [33mfalse[39m,
  error: [1mnull[22m,
  buttonDisabled: [33mtrue[39m
}
[JoinSpace] Debug: {
  inviteCodeFromUrl: [90mundefined[39m,
  stateInviteCode: [32m''[39m,
  isValidInviteCode: [33mfalse[39m,
  hasError: [33mtrue[39m,
  error: [32m'Invalid invite code provided'[39m,
  buttonDisabled: [33mtrue[39m
}

 [32m✓[39m src/pages/JoinSpace.test.tsx [2m([22m[2m25 tests[22m[2m)[22m[33m 1453[2mms[22m[39m
 [32m✓[39m src/components/auth/SignInForm.test.tsx [2m([22m[2m20 tests[22m[2m)[22m[33m 3861[2mms[22m[39m
   [33m[2m✓[22m[39m SignInForm[2m > [22mshould submit form with valid data [33m 664[2mms[22m[39m
   [33m[2m✓[22m[39m SignInForm[2m > [22mshould validate email format [33m 374[2mms[22m[39m
   [33m[2m✓[22m[39m SignInForm[2m > [22mshould clear form fields after successful submission [33m 640[2mms[22m[39m
   [33m[2m✓[22m[39m SignInForm[2m > [22mshould handle Enter key to submit form [33m 532[2mms[22m[39m
   [33m[2m✓[22m[39m SignInForm[2m > [22mshould include remember me in form submission [33m 607[2mms[22m[39m
   [33m[2m✓[22m[39m SignInForm[2m > [22mshould handle form submission errors gracefully [33m 568[2mms[22m[39m
 [32m✓[39m src/components/auth/SignUpForm.test.tsx [2m([22m[2m17 tests[22m[2m)[22m[33m 7171[2mms[22m[39m
   [33m[2m✓[22m[39m SignUpForm[2m > [22mshould submit form with valid data [33m 1174[2mms[22m[39m
   [33m[2m✓[22m[39m SignUpForm[2m > [22mshould validate email format [33m 917[2mms[22m[39m
   [33m[2m✓[22m[39m SignUpForm[2m > [22mshould validate password strength [33m 767[2mms[22m[39m
   [33m[2m✓[22m[39m SignUpForm[2m > [22mshould validate username length [33m 768[2mms[22m[39m
   [33m[2m✓[22m[39m SignUpForm[2m > [22mshould clear form fields after successful submission [33m 1215[2mms[22m[39m
   [33m[2m✓[22m[39m SignUpForm[2m > [22mshould handle form submission errors gracefully [33m 1048[2mms[22m[39m
   [33m[2m✓[22m[39m SignUpForm[2m > [22mshould validate username maximum length [33m 534[2mms[22m[39m
   [33m[2m✓[22m[39m SignUpForm[2m > [22mshould validate username character restrictions [33m 326[2mms[22m[39m

[2m Test Files [22m [1m[32m28 passed[39m[22m[90m (28)[39m
[2m      Tests [22m [1m[32m475 passed[39m[22m[2m | [22m[33m1 skipped[39m[90m (476)[39m
[2m   Start at [22m 22:29:10
[2m   Duration [22m 9.67s[2m (transform 5.21s, setup 8.84s, collect 15.03s, tests 21.18s, environment 27.69s, prepare 5.95s)[22m

[34m % [39m[2mCoverage report from [22m[33mv8[39m
-------------------|---------|----------|---------|---------|-------------------
File               | % Stmts | % Branch | % Funcs | % Lines | Uncovered Line #s 
-------------------|---------|----------|---------|---------|-------------------
All files          |    47.7 |    83.23 |   64.02 |    47.7 |                   
 src               |     100 |      100 |     100 |     100 |                   
  App.tsx          |     100 |      100 |     100 |     100 |                   
 src/components    |   76.56 |    93.33 |      50 |   76.56 |                   
  Button.tsx       |     100 |      100 |     100 |     100 |                   
  ...ctedRoute.tsx |       0 |        0 |       0 |       0 | 1-24              
 ...omponents/auth |     100 |      100 |     100 |     100 |                   
  AuthLayout.tsx   |     100 |      100 |     100 |     100 |                   
  SignInForm.tsx   |     100 |      100 |     100 |     100 |                   
  SignUpForm.tsx   |     100 |      100 |     100 |     100 |                   
 ...mponents/ellie |    49.2 |    15.15 |   36.36 |    49.2 |                   
  ...edShihTzu.tsx |    0.84 |      100 |       0 |    0.84 | 9-151             
  Ellie.tsx        |   90.74 |    66.66 |   66.66 |   90.74 | 40,49-52          
  ...edShihTzu.tsx |   55.05 |    12.69 |   28.57 |   55.05 | ...88-798,804-808 
  index.ts         |     100 |      100 |     100 |     100 |                   
 ...ts/invitations |    15.8 |     84.9 |   85.71 |    15.8 |                   
  ...ationCard.tsx |   91.74 |    83.67 |   88.88 |   91.74 | ...64-166,254-260 
  ...tionModal.tsx |       0 |      100 |     100 |       0 | 6-360             
  ...tionStats.tsx |       0 |      100 |     100 |       0 | 6-349             
  ...yCodeForm.tsx |    1.61 |      100 |       0 |    1.61 | 25-259            
  ...tionsList.tsx |       0 |      100 |     100 |       0 | 6-365             
  index.ts         |       0 |      100 |     100 |       0 | 7-22              
 ...ponents/layout |    4.66 |      100 |       0 |    4.66 |                   
  AppHeader.tsx    |    2.88 |      100 |       0 |    2.88 | 20-277            
  ...tedLayout.tsx |   17.85 |      100 |       0 |   17.85 | 7-35              
 ...ponents/spaces |      98 |    91.86 |   95.23 |      98 |                   
  ...paceModal.tsx |     100 |    98.36 |     100 |     100 | 66                
  ...mberModal.tsx |   91.04 |    77.46 |   85.71 |   91.04 | ...52,263-265,300 
  MembersList.tsx  |     100 |    94.59 |     100 |     100 | 81,98,106,368     
  SpaceCard.tsx    |     100 |    97.05 |   91.66 |     100 | 42                
  SpaceList.tsx    |     100 |    96.36 |     100 |     100 | 76,320            
 ...mponents/theme |   67.79 |    33.33 |      40 |   67.79 |                   
  ThemeToggle.tsx  |   67.24 |    33.33 |      40 |   67.24 | ...55,57-59,65-67 
  index.ts         |     100 |      100 |     100 |     100 |                   
 src/config        |     100 |    94.59 |     100 |     100 |                   
  amplify.ts       |     100 |    95.65 |     100 |     100 | 35                
  index.ts         |     100 |    92.85 |     100 |     100 | 77                
 src/contexts      |     100 |      100 |     100 |     100 |                   
  ...ionContext.ts |     100 |      100 |     100 |     100 |                   
 ...atures/journal |       0 |      100 |     100 |       0 |                   
  index.ts         |       0 |      100 |     100 |       0 | 6-20              
 ...nal/components |    2.82 |      100 |       0 |    2.82 |                   
  ...ionButton.tsx |     3.1 |      100 |       0 |     3.1 | 14-154            
  ...nSelector.tsx |    3.22 |      100 |       0 |    3.22 | 19-278            
  EmotionWheel.tsx |    0.78 |      100 |       0 |    0.78 | 23-799            
  JournalCard.tsx  |    3.65 |      100 |       0 |    3.65 | 17-219            
  JournalList.tsx  |     5.6 |      100 |       0 |     5.6 | 16-138            
  ...extEditor.tsx |    3.29 |      100 |       0 |    3.29 | 20-226            
  ...atePicker.tsx |    4.76 |      100 |       0 |    4.76 | 15-112            
  extensions.ts    |   18.18 |      100 |       0 |   18.18 | 11-37             
 ...nents/sections |    5.26 |      100 |       0 |    5.26 |                   
  ListSection.tsx  |    7.24 |      100 |       0 |    7.24 | 19-97             
  QASection.tsx    |    4.13 |      100 |       0 |    4.13 | 26-173            
 ...s/journal/data |   74.42 |      100 |       0 |   74.42 |                   
  emotionData.ts   |   74.42 |      100 |       0 |   74.42 | ...49-258,264-305 
 .../journal/hooks |    3.52 |      100 |       0 |    3.52 |                   
  useJournal.ts    |    3.52 |      100 |       0 |    3.52 | 13-115            
 .../journal/pages |    4.48 |      100 |       0 |    4.48 |                   
  ...reatePage.tsx |    3.92 |      100 |       0 |    3.92 | 22-462            
  ...lEditPage.tsx |    3.79 |      100 |       0 |    3.79 | 23-530            
  ...lListPage.tsx |   35.71 |      100 |       0 |   35.71 | 10-21             
  ...lViewPage.tsx |    4.74 |      100 |       0 |    4.74 | 19-326            
 ...urnal/services |    9.37 |      100 |       0 |    9.37 |                   
  journalApi.ts    |    9.09 |      100 |       0 |    9.09 | ...58-166,174-187 
  templateApi.ts   |   14.28 |      100 |       0 |   14.28 | 10-19             
 src/hooks         |    46.6 |    57.14 |     100 |    46.6 |                   
  index.ts         |     100 |      100 |     100 |     100 |                   
  ...nvitations.ts |   77.77 |       50 |     100 |   77.77 | 12-13             
  ...uCompanion.ts |   43.01 |       60 |     100 |   43.01 | ...33,138-148,153 
 src/lib/journal   |   96.83 |    97.87 |     100 |   96.83 |                   
  ...entManager.ts |   96.83 |    97.82 |     100 |   96.83 | 63-67             
  types.ts         |       0 |        0 |       0 |       0 |                   
 src/pages         |   84.55 |    86.27 |   53.96 |   84.55 |                   
  Dashboard.tsx    |     100 |    88.88 |     100 |     100 | 168-169           
  JoinSpace.tsx    |   97.56 |    97.22 |     100 |   97.56 | 31-33             
  Landing.tsx      |   93.22 |       80 |   14.28 |   93.22 | ...,85-87,182-184 
  SignIn.tsx       |     100 |      100 |     100 |     100 |                   
  SignUp.tsx       |     100 |      100 |     100 |     100 |                   
  SpaceDetail.tsx  |   74.08 |    79.26 |   36.11 |   74.08 | ...84-658,708-711 
 src/services      |   55.92 |    91.77 |   59.61 |   55.92 |                   
  api.ts           |     100 |      100 |     100 |     100 |                   
  auth.ts          |     100 |    95.34 |     100 |     100 | 104-105           
  ...ionService.ts |   10.69 |      100 |       5 |   10.69 | ...24-341,347-351 
  spaces.ts        |   68.13 |     87.2 |   83.33 |   68.13 | ...30-263,269-286 
 src/stores        |   69.76 |    73.95 |     100 |   69.76 |                   
  authStore.tsx    |   99.37 |    90.24 |     100 |   99.37 | 75                
  ...tionStore.tsx |   45.85 |       44 |     100 |   45.85 | ...72-375,380-388 
  spaceStore.tsx   |   88.15 |    76.66 |     100 |   88.15 | 74-84,100-105,118 
 src/theme         |   87.96 |       50 |   27.27 |   87.96 |                   
  ThemeContext.ts  |     100 |      100 |     100 |     100 |                   
  ...eProvider.tsx |   88.12 |       50 |      20 |   88.12 | ...51-455,459-462 
  useTheme.ts      |   77.77 |       50 |     100 |   77.77 | 7-8               
-------------------|---------|----------|---------|---------|-------------------
